python : C:\Users\abdel\AppData\Local\Programs\Python\Python311\python.exe: No 
module named pytest
At line:1 char:1
+ python -m pytest -v > test_output.txt 2>&1
+ ~~~~~~~~~~~~~~~~~~~~~~~~~~~~~~~~~~~~~~~~~~
    + CategoryInfo          : NotSpecified: (C:\Users\abdel\...le named pytest 
   :String) [], RemoteException
    + FullyQualifiedErrorId : NativeCommandError
 
